c:\Users\shado\Desktop\vsquest\src\Harmony\Items\WearableStatsPatches.cs(132,116): error CS0234: ╨в╨╕╨┐ ╨╕╨╗╨╕ ╨╕╨╝╤П ╨┐╤А╨╛╤Б╤В╤А╨░╨╜╤Б╤В╨▓╨░ ╨╕╨╝╨╡╨╜ "IWearableStatsSupplier" ╨╜╨╡ ╤Б╤Г╤Й╨╡╤Б╤В╨▓╤Г╨╡╤В ╨▓ ╨┐╤А╨╛╤Б╤В╤А╨░╨╜╤Б╤В╨▓╨╡ ╨╕╨╝╨╡╨╜ "Vintagestory.API.Common" (╨▓╨╛╨╖╨╝╨╛╨╢╨╜╨╛, ╨╛╤В╤Б╤Г╤В╤Б╤В╨▓╤Г╨╡╤В ╤Б╤Б╤Л╨╗╨║╨░ ╨╜╨░ ╤Б╨▒╨╛╤А╨║╤Г). [c:\Users\shado\Desktop\vsquest\vsquest.csproj]

╨Ю╤И╨╕╨▒╨║╨░ ╤Б╨▒╨╛╤А╨║╨╕.

c:\Users\shado\Desktop\vsquest\src\Harmony\Items\WearableStatsPatches.cs(132,116): error CS0234: ╨в╨╕╨┐ ╨╕╨╗╨╕ ╨╕╨╝╤П ╨┐╤А╨╛╤Б╤В╤А╨░╨╜╤Б╤В╨▓╨░ ╨╕╨╝╨╡╨╜ "IWearableStatsSupplier" ╨╜╨╡ ╤Б╤Г╤Й╨╡╤Б╤В╨▓╤Г╨╡╤В ╨▓ ╨┐╤А╨╛╤Б╤В╤А╨░╨╜╤Б╤В╨▓╨╡ ╨╕╨╝╨╡╨╜ "Vintagestory.API.Common" (╨▓╨╛╨╖╨╝╨╛╨╢╨╜╨╛, ╨╛╤В╤Б╤Г╤В╤Б╤В╨▓╤Г╨╡╤В ╤Б╤Б╤Л╨╗╨║╨░ ╨╜╨░ ╤Б╨▒╨╛╤А╨║╤Г). [c:\Users\shado\Desktop\vsquest\vsquest.csproj]
    ╨Я╤А╨╡╨┤╤Г╨┐╤А╨╡╨╢╨┤╨╡╨╜╨╕╨╣: 0
    ╨Ю╤И╨╕╨▒╨╛╨║: 1

╨Я╤А╨╛╤И╨╗╨╛ ╨▓╤А╨╡╨╝╨╡╨╜╨╕ 00:00:01.55

╨Ф╨╛╤Б╤В╤Г╨┐╨╜╤Л ╨╛╨▒╨╜╨╛╨▓╨╗╨╡╨╜╨╕╤П ╤А╨░╨▒╨╛╤З╨╡╨╣ ╨╜╨░╨│╤А╤Г╨╖╨║╨╕. ╨Ф╨╗╤П ╨┐╨╛╨╗╤Г╤З╨╡╨╜╨╕╤П ╨┤╨╛╨┐╨╛╨╗╨╜╨╕╤В╨╡╨╗╤М╨╜╤Л╤Е ╤Б╨▓╨╡╨┤╨╡╨╜╨╕╨╣ ╨╖╨░╨┐╤Г╤Б╤В╨╕╤В╨╡ `dotnet workload list`.
